============================= test session starts =============================
platform win32 -- Python 3.11.0, pytest-9.0.1, pluggy-1.6.0
rootdir: C:\Users\juani\Desktop\POS
configfile: pyproject.toml
plugins: anyio-4.11.0, asyncio-1.3.0, cov-7.0.0
asyncio: mode=Mode.AUTO, debug=False, asyncio_default_fixture_loop_scope=None, asyncio_default_test_loop_scope=function
collected 1 item

tests\api\routes\test_productos.py E

=================================== ERRORS ====================================
__________ ERROR at setup of test_crear_producto_ropa_con_variantes ___________

self = <sqlalchemy.dialects.postgresql.asyncpg.AsyncAdapt_asyncpg_cursor object at 0x00000247DBFECAC0>
operation = 'INSERT INTO users (id, email, hashed_password, full_name, rol, is_active, created_at, tienda_id) VALUES ($1::UUID, $2::VARCHAR, $3::VARCHAR, $4::VARCHAR, $5::VARCHAR, $6::BOOLEAN, $7::TIMESTAMP WITH TIME ZONE, $8::UUID)'
parameters = (UUID('83e3f233-612a-4a93-bdd3-5a4518a4356c'), 'owner@test.com', '$2b$12$LQv3c1yqBWVHxkd0LHAkCOYz6TtxMQJqhN8/LewY5GKfXJ5y8Ys8G', 'Test Owner', None, True, ...)

    async def _prepare_and_execute(self, operation, parameters):
        adapt_connection = self._adapt_connection
    
        async with adapt_connection._execute_mutex:
            if not adapt_connection._started:
                await adapt_connection._start_transaction()
    
            if parameters is None:
                parameters = ()
    
            try:
                prepared_stmt, attributes = await adapt_connection._prepare(
                    operation, self._invalidate_schema_cache_asof
                )
    
                if attributes:
                    self.description = [
                        (
                            attr.name,
                            attr.type.oid,
                            None,
                            None,
                            None,
                            None,
                            None,
                        )
                        for attr in attributes
                    ]
                else:
                    self.description = None
    
                if self.server_side:
                    self._cursor = await prepared_stmt.cursor(*parameters)
                    self.rowcount = -1
                else:
>                   self._rows = deque(await prepared_stmt.fetch(*parameters))
                                       ^^^^^^^^^^^^^^^^^^^^^^^^^^^^^^^^^^^^^^

..\..\AppData\Local\Programs\Python\Python311\Lib\site-packages\sqlalchemy\dialects\postgresql\asyncpg.py:550: 
_ _ _ _ _ _ _ _ _ _ _ _ _ _ _ _ _ _ _ _ _ _ _ _ _ _ _ _ _ _ _ _ _ _ _ _ _ _ _ _
..\..\AppData\Local\Programs\Python\Python311\Lib\site-packages\asyncpg\prepared_stmt.py:176: in fetch
    data = await self.__bind_execute(args, 0, timeout)
           ^^^^^^^^^^^^^^^^^^^^^^^^^^^^^^^^^^^^^^^^^^^
..\..\AppData\Local\Programs\Python\Python311\Lib\site-packages\asyncpg\prepared_stmt.py:267: in __bind_execute
    data, status, _ = await self.__do_execute(
..\..\AppData\Local\Programs\Python\Python311\Lib\site-packages\asyncpg\prepared_stmt.py:256: in __do_execute
    return await executor(protocol)
           ^^^^^^^^^^^^^^^^^^^^^^^^
_ _ _ _ _ _ _ _ _ _ _ _ _ _ _ _ _ _ _ _ _ _ _ _ _ _ _ _ _ _ _ _ _ _ _ _ _ _ _ _

>   ???
E   asyncpg.exceptions.NotNullViolationError: null value in column "rol" of relation "users" violates not-null constraint
E   DETAIL:  Failing row contains (83e3f233-612a-4a93-bdd3-5a4518a4356c, owner@test.com, $2b$12$LQv3c1yqBWVHxkd0LHAkCOYz6TtxMQJqhN8/LewY5GKfXJ5y8Ys8G, Test Owner, null, t, 2025-11-20 02:54:08.42017+00, bddc692f-6812-44c4-abc2-1df34947d516).

asyncpg\\protocol\\protocol.pyx:206: NotNullViolationError

The above exception was the direct cause of the following exception:

self = <sqlalchemy.engine.base.Connection object at 0x00000247DC508FD0>
dialect = <sqlalchemy.dialects.postgresql.asyncpg.PGDialect_asyncpg object at 0x00000247DBCBED10>
context = <sqlalchemy.dialects.postgresql.asyncpg.PGExecutionContext_asyncpg object at 0x00000247DC50BE10>
statement = <sqlalchemy.dialects.postgresql.asyncpg.PGCompiler_asyncpg object at 0x00000247DC50BE50>
parameters = [(UUID('83e3f233-612a-4a93-bdd3-5a4518a4356c'), 'owner@test.com', '$2b$12$LQv3c1yqBWVHxkd0LHAkCOYz6TtxMQJqhN8/LewY5GKfXJ5y8Ys8G', 'Test Owner', None, True, ...)]

    def _exec_single_context(
        self,
        dialect: Dialect,
        context: ExecutionContext,
        statement: Union[str, Compiled],
        parameters: Optional[_AnyMultiExecuteParams],
    ) -> CursorResult[Any]:
        """continue the _execute_context() method for a single DBAPI
        cursor.execute() or cursor.executemany() call.
    
        """
        if dialect.bind_typing is BindTyping.SETINPUTSIZES:
            generic_setinputsizes = context._prepare_set_input_sizes()
    
            if generic_setinputsizes:
                try:
                    dialect.do_set_input_sizes(
                        context.cursor, generic_setinputsizes, context
                    )
                except BaseException as e:
                    self._handle_dbapi_exception(
                        e, str(statement), parameters, None, context
                    )
    
        cursor, str_statement, parameters = (
            context.cursor,
            context.statement,
            context.parameters,
        )
    
        effective_parameters: Optional[_AnyExecuteParams]
    
        if not context.executemany:
            effective_parameters = parameters[0]
        else:
            effective_parameters = parameters
    
        if self._has_events or self.engine._has_events:
            for fn in self.dispatch.before_cursor_execute:
                str_statement, effective_parameters = fn(
                    self,
                    cursor,
                    str_statement,
                    effective_parameters,
                    context,
                    context.executemany,
                )
    
        if self._echo:
            self._log_info(str_statement)
    
            stats = context._get_cache_stats()
    
            if not self.engine.hide_parameters:
                self._log_info(
                    "[%s] %r",
                    stats,
                    sql_util._repr_params(
                        effective_parameters,
                        batches=10,
                        ismulti=context.executemany,
                    ),
                )
            else:
                self._log_info(
                    "[%s] [SQL parameters hidden due to hide_parameters=True]",
                    stats,
                )
    
        evt_handled: bool = False
        try:
            if context.execute_style is ExecuteStyle.EXECUTEMANY:
                effective_parameters = cast(
                    "_CoreMultiExecuteParams", effective_parameters
                )
                if self.dialect._has_events:
                    for fn in self.dialect.dispatch.do_executemany:
                        if fn(
                            cursor,
                            str_statement,
                            effective_parameters,
                            context,
                        ):
                            evt_handled = True
                            break
                if not evt_handled:
                    self.dialect.do_executemany(
                        cursor,
                        str_statement,
                        effective_parameters,
                        context,
                    )
            elif not effective_parameters and context.no_parameters:
                if self.dialect._has_events:
                    for fn in self.dialect.dispatch.do_execute_no_params:
                        if fn(cursor, str_statement, context):
                            evt_handled = True
                            break
                if not evt_handled:
                    self.dialect.do_execute_no_params(
                        cursor, str_statement, context
                    )
            else:
                effective_parameters = cast(
                    "_CoreSingleExecuteParams", effective_parameters
                )
                if self.dialect._has_events:
                    for fn in self.dialect.dispatch.do_execute:
                        if fn(
                            cursor,
                            str_statement,
                            effective_parameters,
                            context,
                        ):
                            evt_handled = True
                            break
                if not evt_handled:
>                   self.dialect.do_execute(
                        cursor, str_statement, effective_parameters, context
                    )

..\..\AppData\Local\Programs\Python\Python311\Lib\site-packages\sqlalchemy\engine\base.py:1967: 
_ _ _ _ _ _ _ _ _ _ _ _ _ _ _ _ _ _ _ _ _ _ _ _ _ _ _ _ _ _ _ _ _ _ _ _ _ _ _ _
..\..\AppData\Local\Programs\Python\Python311\Lib\site-packages\sqlalchemy\engine\default.py:951: in do_execute
    cursor.execute(statement, parameters)
..\..\AppData\Local\Programs\Python\Python311\Lib\site-packages\sqlalchemy\dialects\postgresql\asyncpg.py:585: in execute
    self._adapt_connection.await_(
..\..\AppData\Local\Programs\Python\Python311\Lib\site-packages\sqlalchemy\util\_concurrency_py3k.py:132: in await_only
    return current.parent.switch(awaitable)  # type: ignore[no-any-return,attr-defined] # noqa: E501
           ^^^^^^^^^^^^^^^^^^^^^^^^^^^^^^^^
..\..\AppData\Local\Programs\Python\Python311\Lib\site-packages\sqlalchemy\util\_concurrency_py3k.py:196: in greenlet_spawn
    value = await result
            ^^^^^^^^^^^^
..\..\AppData\Local\Programs\Python\Python311\Lib\site-packages\sqlalchemy\dialects\postgresql\asyncpg.py:563: in _prepare_and_execute
    self._handle_exception(error)
..\..\AppData\Local\Programs\Python\Python311\Lib\site-packages\sqlalchemy\dialects\postgresql\asyncpg.py:513: in _handle_exception
    self._adapt_connection._handle_exception(error)
_ _ _ _ _ _ _ _ _ _ _ _ _ _ _ _ _ _ _ _ _ _ _ _ _ _ _ _ _ _ _ _ _ _ _ _ _ _ _ _

self = <AdaptedConnection <asyncpg.connection.Connection object at 0x00000247DBFB31F0>>
error = NotNullViolationError('null value in column "rol" of relation "users" violates not-null constraint')

    def _handle_exception(self, error):
        if self._connection.is_closed():
            self._transaction = None
            self._started = False
    
        if not isinstance(error, AsyncAdapt_asyncpg_dbapi.Error):
            exception_mapping = self.dbapi._asyncpg_error_translate
    
            for super_ in type(error).__mro__:
                if super_ in exception_mapping:
                    translated_error = exception_mapping[super_](
                        "%s: %s" % (type(error), error)
                    )
                    translated_error.pgcode = translated_error.sqlstate = (
                        getattr(error, "sqlstate", None)
                    )
>                   raise translated_error from error
E                   sqlalchemy.dialects.postgresql.asyncpg.AsyncAdapt_asyncpg_dbapi.IntegrityError: <class 'asyncpg.exceptions.NotNullViolationError'>: null value in column "rol" of relation "users" violates not-null constraint
E                   DETAIL:  Failing row contains (83e3f233-612a-4a93-bdd3-5a4518a4356c, owner@test.com, $2b$12$LQv3c1yqBWVHxkd0LHAkCOYz6TtxMQJqhN8/LewY5GKfXJ5y8Ys8G, Test Owner, null, t, 2025-11-20 02:54:08.42017+00, bddc692f-6812-44c4-abc2-1df34947d516).

..\..\AppData\Local\Programs\Python\Python311\Lib\site-packages\sqlalchemy\dialects\postgresql\asyncpg.py:797: IntegrityError

The above exception was the direct cause of the following exception:

fixturedef = <FixtureDef argname='user' scope='function' baseid='tests'>
request = <SubRequest 'user' for <Function test_crear_producto_ropa_con_variantes>>

    @pytest.hookimpl(wrapper=True)
    def pytest_fixture_setup(fixturedef: FixtureDef, request) -> object | None:
        asyncio_mode = _get_asyncio_mode(request.config)
        if not _is_asyncio_fixture_function(fixturedef.func):
            if asyncio_mode == Mode.STRICT:
                # Ignore async fixtures without explicit asyncio mark in strict mode
                # This applies to pytest_trio fixtures, for example
                return (yield)
            if not _is_coroutine_or_asyncgen(fixturedef.func):
                return (yield)
        default_loop_scope = request.config.getini("asyncio_default_fixture_loop_scope")
        loop_scope = (
            getattr(fixturedef.func, "_loop_scope", None)
            or default_loop_scope
            or fixturedef.scope
        )
        runner_fixture_id = f"_{loop_scope}_scoped_runner"
        runner = request.getfixturevalue(runner_fixture_id)
        synchronizer = _fixture_synchronizer(fixturedef, runner, request)
        _make_asyncio_fixture_function(synchronizer, loop_scope)
        with MonkeyPatch.context() as c:
            c.setattr(fixturedef, "func", synchronizer)
>           hook_result = yield
                          ^^^^^

..\..\AppData\Local\Programs\Python\Python311\Lib\site-packages\pytest_asyncio\plugin.py:743: 
_ _ _ _ _ _ _ _ _ _ _ _ _ _ _ _ _ _ _ _ _ _ _ _ _ _ _ _ _ _ _ _ _ _ _ _ _ _ _ _
..\..\AppData\Local\Programs\Python\Python311\Lib\site-packages\pytest_asyncio\plugin.py:361: in _async_fixture_wrapper
    result = runner.run(setup(), context=context)
             ^^^^^^^^^^^^^^^^^^^^^^^^^^^^^^^^^^^^
..\..\AppData\Local\Programs\Python\Python311\Lib\asyncio\runners.py:118: in run
    return self._loop.run_until_complete(task)
           ^^^^^^^^^^^^^^^^^^^^^^^^^^^^^^^^^^^
..\..\AppData\Local\Programs\Python\Python311\Lib\asyncio\base_events.py:650: in run_until_complete
    return future.result()
           ^^^^^^^^^^^^^^^
..\..\AppData\Local\Programs\Python\Python311\Lib\site-packages\pytest_asyncio\plugin.py:357: in setup
    res = await fixture_function(*args, **kwargs)
          ^^^^^^^^^^^^^^^^^^^^^^^^^^^^^^^^^^^^^^^
tests\conftest.py:144: in user
    await db.commit()
..\..\AppData\Local\Programs\Python\Python311\Lib\site-packages\sqlalchemy\ext\asyncio\session.py:1000: in commit
    await greenlet_spawn(self.sync_session.commit)
..\..\AppData\Local\Programs\Python\Python311\Lib\site-packages\sqlalchemy\util\_concurrency_py3k.py:203: in greenlet_spawn
    result = context.switch(value)
             ^^^^^^^^^^^^^^^^^^^^^
..\..\AppData\Local\Programs\Python\Python311\Lib\site-packages\sqlalchemy\orm\session.py:2030: in commit
    trans.commit(_to_root=True)
..\..\AppData\Local\Programs\Python\Python311\Lib\site-packages\sqlalchemy\orm\state_changes.py:137: in _go
    ret_value = fn(self, *arg, **kw)
                ^^^^^^^^^^^^^^^^^^^^
..\..\AppData\Local\Programs\Python\Python311\Lib\site-packages\sqlalchemy\orm\session.py:1311: in commit
    self._prepare_impl()
..\..\AppData\Local\Programs\Python\Python311\Lib\site-packages\sqlalchemy\orm\state_changes.py:137: in _go
    ret_value = fn(self, *arg, **kw)
                ^^^^^^^^^^^^^^^^^^^^
..\..\AppData\Local\Programs\Python\Python311\Lib\site-packages\sqlalchemy\orm\session.py:1286: in _prepare_impl
    self.session.flush()
..\..\AppData\Local\Programs\Python\Python311\Lib\site-packages\sqlalchemy\orm\session.py:4331: in flush
    self._flush(objects)
..\..\AppData\Local\Programs\Python\Python311\Lib\site-packages\sqlalchemy\orm\session.py:4466: in _flush
    with util.safe_reraise():
..\..\AppData\Local\Programs\Python\Python311\Lib\site-packages\sqlalchemy\util\langhelpers.py:224: in __exit__
    raise exc_value.with_traceback(exc_tb)
..\..\AppData\Local\Programs\Python\Python311\Lib\site-packages\sqlalchemy\orm\session.py:4427: in _flush
    flush_context.execute()
..\..\AppData\Local\Programs\Python\Python311\Lib\site-packages\sqlalchemy\orm\unitofwork.py:466: in execute
    rec.execute(self)
..\..\AppData\Local\Programs\Python\Python311\Lib\site-packages\sqlalchemy\orm\unitofwork.py:642: in execute
    util.preloaded.orm_persistence.save_obj(
..\..\AppData\Local\Programs\Python\Python311\Lib\site-packages\sqlalchemy\orm\persistence.py:93: in save_obj
    _emit_insert_statements(
..\..\AppData\Local\Programs\Python\Python311\Lib\site-packages\sqlalchemy\orm\persistence.py:1048: in _emit_insert_statements
    result = connection.execute(
..\..\AppData\Local\Programs\Python\Python311\Lib\site-packages\sqlalchemy\engine\base.py:1419: in execute
    return meth(
..\..\AppData\Local\Programs\Python\Python311\Lib\site-packages\sqlalchemy\sql\elements.py:526: in _execute_on_connection
    return connection._execute_clauseelement(
..\..\AppData\Local\Programs\Python\Python311\Lib\site-packages\sqlalchemy\engine\base.py:1641: in _execute_clauseelement
    ret = self._execute_context(
..\..\AppData\Local\Programs\Python\Python311\Lib\site-packages\sqlalchemy\engine\base.py:1846: in _execute_context
    return self._exec_single_context(
..\..\AppData\Local\Programs\Python\Python311\Lib\site-packages\sqlalchemy\engine\base.py:1986: in _exec_single_context
    self._handle_dbapi_exception(
..\..\AppData\Local\Programs\Python\Python311\Lib\site-packages\sqlalchemy\engine\base.py:2355: in _handle_dbapi_exception
    raise sqlalchemy_exception.with_traceback(exc_info[2]) from e
..\..\AppData\Local\Programs\Python\Python311\Lib\site-packages\sqlalchemy\engine\base.py:1967: in _exec_single_context
    self.dialect.do_execute(
..\..\AppData\Local\Programs\Python\Python311\Lib\site-packages\sqlalchemy\engine\default.py:951: in do_execute
    cursor.execute(statement, parameters)
..\..\AppData\Local\Programs\Python\Python311\Lib\site-packages\sqlalchemy\dialects\postgresql\asyncpg.py:585: in execute
    self._adapt_connection.await_(
..\..\AppData\Local\Programs\Python\Python311\Lib\site-packages\sqlalchemy\util\_concurrency_py3k.py:132: in await_only
    return current.parent.switch(awaitable)  # type: ignore[no-any-return,attr-defined] # noqa: E501
           ^^^^^^^^^^^^^^^^^^^^^^^^^^^^^^^^
..\..\AppData\Local\Programs\Python\Python311\Lib\site-packages\sqlalchemy\util\_concurrency_py3k.py:196: in greenlet_spawn
    value = await result
            ^^^^^^^^^^^^
..\..\AppData\Local\Programs\Python\Python311\Lib\site-packages\sqlalchemy\dialects\postgresql\asyncpg.py:563: in _prepare_and_execute
    self._handle_exception(error)
..\..\AppData\Local\Programs\Python\Python311\Lib\site-packages\sqlalchemy\dialects\postgresql\asyncpg.py:513: in _handle_exception
    self._adapt_connection._handle_exception(error)
_ _ _ _ _ _ _ _ _ _ _ _ _ _ _ _ _ _ _ _ _ _ _ _ _ _ _ _ _ _ _ _ _ _ _ _ _ _ _ _

self = <AdaptedConnection <asyncpg.connection.Connection object at 0x00000247DBFB31F0>>
error = NotNullViolationError('null value in column "rol" of relation "users" violates not-null constraint')

    def _handle_exception(self, error):
        if self._connection.is_closed():
            self._transaction = None
            self._started = False
    
        if not isinstance(error, AsyncAdapt_asyncpg_dbapi.Error):
            exception_mapping = self.dbapi._asyncpg_error_translate
    
            for super_ in type(error).__mro__:
                if super_ in exception_mapping:
                    translated_error = exception_mapping[super_](
                        "%s: %s" % (type(error), error)
                    )
                    translated_error.pgcode = translated_error.sqlstate = (
                        getattr(error, "sqlstate", None)
                    )
>                   raise translated_error from error
E                   sqlalchemy.exc.IntegrityError: (sqlalchemy.dialects.postgresql.asyncpg.IntegrityError) <class 'asyncpg.exceptions.NotNullViolationError'>: null value in column "rol" of relation "users" violates not-null constraint
E                   DETAIL:  Failing row contains (83e3f233-612a-4a93-bdd3-5a4518a4356c, owner@test.com, $2b$12$LQv3c1yqBWVHxkd0LHAkCOYz6TtxMQJqhN8/LewY5GKfXJ5y8Ys8G, Test Owner, null, t, 2025-11-20 02:54:08.42017+00, bddc692f-6812-44c4-abc2-1df34947d516).
E                   [SQL: INSERT INTO users (id, email, hashed_password, full_name, rol, is_active, created_at, tienda_id) VALUES ($1::UUID, $2::VARCHAR, $3::VARCHAR, $4::VARCHAR, $5::VARCHAR, $6::BOOLEAN, $7::TIMESTAMP WITH TIME ZONE, $8::UUID)]
E                   [parameters: (UUID('83e3f233-612a-4a93-bdd3-5a4518a4356c'), 'owner@test.com', '$2b$12$LQv3c1yqBWVHxkd0LHAkCOYz6TtxMQJqhN8/LewY5GKfXJ5y8Ys8G', 'Test Owner', None, True, datetime.datetime(2025, 11, 19, 23, 54, 8, 420170), UUID('bddc692f-6812-44c4-abc2-1df34947d516'))]
E                   (Background on this error at: https://sqlalche.me/e/20/gkpj)

..\..\AppData\Local\Programs\Python\Python311\Lib\site-packages\sqlalchemy\dialects\postgresql\asyncpg.py:797: IntegrityError
---------------------------- Captured stdout setup ----------------------------
2025-11-19 20:54:08,374 INFO sqlalchemy.engine.Engine select pg_catalog.version()
2025-11-19 20:54:08,375 INFO sqlalchemy.engine.Engine [raw sql] ()
2025-11-19 20:54:08,377 INFO sqlalchemy.engine.Engine select current_schema()
2025-11-19 20:54:08,377 INFO sqlalchemy.engine.Engine [raw sql] ()
2025-11-19 20:54:08,378 INFO sqlalchemy.engine.Engine show standard_conforming_strings
2025-11-19 20:54:08,378 INFO sqlalchemy.engine.Engine [raw sql] ()
2025-11-19 20:54:08,379 INFO sqlalchemy.engine.Engine BEGIN (implicit)
2025-11-19 20:54:08,381 INFO sqlalchemy.engine.Engine SELECT pg_catalog.pg_class.relname 
FROM pg_catalog.pg_class JOIN pg_catalog.pg_namespace ON pg_catalog.pg_namespace.oid = pg_catalog.pg_class.relnamespace 
WHERE pg_catalog.pg_class.relname = $1::VARCHAR AND pg_catalog.pg_class.relkind = ANY (ARRAY[$2::VARCHAR, $3::VARCHAR, $4::VARCHAR, $5::VARCHAR, $6::VARCHAR]) AND pg_catalog.pg_table_is_visible(pg_catalog.pg_class.oid) AND pg_catalog.pg_namespace.nspname != $7::VARCHAR
2025-11-19 20:54:08,382 INFO sqlalchemy.engine.Engine [generated in 0.00064s] ('tiendas', 'r', 'p', 'f', 'v', 'm', 'pg_catalog')
2025-11-19 20:54:08,388 INFO sqlalchemy.engine.Engine SELECT pg_catalog.pg_class.relname 
FROM pg_catalog.pg_class JOIN pg_catalog.pg_namespace ON pg_catalog.pg_namespace.oid = pg_catalog.pg_class.relnamespace 
WHERE pg_catalog.pg_class.relname = $1::VARCHAR AND pg_catalog.pg_class.relkind = ANY (ARRAY[$2::VARCHAR, $3::VARCHAR, $4::VARCHAR, $5::VARCHAR, $6::VARCHAR]) AND pg_catalog.pg_table_is_visible(pg_catalog.pg_class.oid) AND pg_catalog.pg_namespace.nspname != $7::VARCHAR
2025-11-19 20:54:08,388 INFO sqlalchemy.engine.Engine [cached since 0.006091s ago] ('users', 'r', 'p', 'f', 'v', 'm', 'pg_catalog')
2025-11-19 20:54:08,388 INFO sqlalchemy.engine.Engine SELECT pg_catalog.pg_class.relname 
FROM pg_catalog.pg_class JOIN pg_catalog.pg_namespace ON pg_catalog.pg_namespace.oid = pg_catalog.pg_class.relnamespace 
WHERE pg_catalog.pg_class.relname = $1::VARCHAR AND pg_catalog.pg_class.relkind = ANY (ARRAY[$2::VARCHAR, $3::VARCHAR, $4::VARCHAR, $5::VARCHAR, $6::VARCHAR]) AND pg_catalog.pg_table_is_visible(pg_catalog.pg_class.oid) AND pg_catalog.pg_namespace.nspname != $7::VARCHAR
2025-11-19 20:54:08,389 INFO sqlalchemy.engine.Engine [cached since 0.006921s ago] ('productos', 'r', 'p', 'f', 'v', 'm', 'pg_catalog')
2025-11-19 20:54:08,389 INFO sqlalchemy.engine.Engine SELECT pg_catalog.pg_class.relname 
FROM pg_catalog.pg_class JOIN pg_catalog.pg_namespace ON pg_catalog.pg_namespace.oid = pg_catalog.pg_class.relnamespace 
WHERE pg_catalog.pg_class.relname = $1::VARCHAR AND pg_catalog.pg_class.relkind = ANY (ARRAY[$2::VARCHAR, $3::VARCHAR, $4::VARCHAR, $5::VARCHAR, $6::VARCHAR]) AND pg_catalog.pg_table_is_visible(pg_catalog.pg_class.oid) AND pg_catalog.pg_namespace.nspname != $7::VARCHAR
2025-11-19 20:54:08,389 INFO sqlalchemy.engine.Engine [cached since 0.007632s ago] ('ventas', 'r', 'p', 'f', 'v', 'm', 'pg_catalog')
2025-11-19 20:54:08,390 INFO sqlalchemy.engine.Engine SELECT pg_catalog.pg_class.relname 
FROM pg_catalog.pg_class JOIN pg_catalog.pg_namespace ON pg_catalog.pg_namespace.oid = pg_catalog.pg_class.relnamespace 
WHERE pg_catalog.pg_class.relname = $1::VARCHAR AND pg_catalog.pg_class.relkind = ANY (ARRAY[$2::VARCHAR, $3::VARCHAR, $4::VARCHAR, $5::VARCHAR, $6::VARCHAR]) AND pg_catalog.pg_table_is_visible(pg_catalog.pg_class.oid) AND pg_catalog.pg_namespace.nspname != $7::VARCHAR
2025-11-19 20:54:08,390 INFO sqlalchemy.engine.Engine [cached since 0.008971s ago] ('detalles_venta', 'r', 'p', 'f', 'v', 'm', 'pg_catalog')
2025-11-19 20:54:08,392 INFO sqlalchemy.engine.Engine SELECT pg_catalog.pg_class.relname 
FROM pg_catalog.pg_class JOIN pg_catalog.pg_namespace ON pg_catalog.pg_namespace.oid = pg_catalog.pg_class.relnamespace 
WHERE pg_catalog.pg_class.relname = $1::VARCHAR AND pg_catalog.pg_class.relkind = ANY (ARRAY[$2::VARCHAR, $3::VARCHAR, $4::VARCHAR, $5::VARCHAR, $6::VARCHAR]) AND pg_catalog.pg_table_is_visible(pg_catalog.pg_class.oid) AND pg_catalog.pg_namespace.nspname != $7::VARCHAR
2025-11-19 20:54:08,392 INFO sqlalchemy.engine.Engine [cached since 0.01045s ago] ('insights', 'r', 'p', 'f', 'v', 'm', 'pg_catalog')
2025-11-19 20:54:08,393 INFO sqlalchemy.engine.Engine COMMIT
----------------------------- Captured log setup ------------------------------
INFO     sqlalchemy.engine.Engine:base.py:1846 select pg_catalog.version()
INFO     sqlalchemy.engine.Engine:base.py:1846 [raw sql] ()
INFO     sqlalchemy.engine.Engine:base.py:1846 select current_schema()
INFO     sqlalchemy.engine.Engine:base.py:1846 [raw sql] ()
INFO     sqlalchemy.engine.Engine:base.py:1846 show standard_conforming_strings
INFO     sqlalchemy.engine.Engine:base.py:1846 [raw sql] ()
INFO     sqlalchemy.engine.Engine:base.py:2702 BEGIN (implicit)
INFO     sqlalchemy.engine.Engine:base.py:1846 SELECT pg_catalog.pg_class.relname 
FROM pg_catalog.pg_class JOIN pg_catalog.pg_namespace ON pg_catalog.pg_namespace.oid = pg_catalog.pg_class.relnamespace 
WHERE pg_catalog.pg_class.relname = $1::VARCHAR AND pg_catalog.pg_class.relkind = ANY (ARRAY[$2::VARCHAR, $3::VARCHAR, $4::VARCHAR, $5::VARCHAR, $6::VARCHAR]) AND pg_catalog.pg_table_is_visible(pg_catalog.pg_class.oid) AND pg_catalog.pg_namespace.nspname != $7::VARCHAR
INFO     sqlalchemy.engine.Engine:base.py:1846 [generated in 0.00064s] ('tiendas', 'r', 'p', 'f', 'v', 'm', 'pg_catalog')
INFO     sqlalchemy.engine.Engine:base.py:1846 SELECT pg_catalog.pg_class.relname 
FROM pg_catalog.pg_class JOIN pg_catalog.pg_namespace ON pg_catalog.pg_namespace.oid = pg_catalog.pg_class.relnamespace 
WHERE pg_catalog.pg_class.relname = $1::VARCHAR AND pg_catalog.pg_class.relkind = ANY (ARRAY[$2::VARCHAR, $3::VARCHAR, $4::VARCHAR, $5::VARCHAR, $6::VARCHAR]) AND pg_catalog.pg_table_is_visible(pg_catalog.pg_class.oid) AND pg_catalog.pg_namespace.nspname != $7::VARCHAR
INFO     sqlalchemy.engine.Engine:base.py:1846 [cached since 0.006091s ago] ('users', 'r', 'p', 'f', 'v', 'm', 'pg_catalog')
INFO     sqlalchemy.engine.Engine:base.py:1846 SELECT pg_catalog.pg_class.relname 
FROM pg_catalog.pg_class JOIN pg_catalog.pg_namespace ON pg_catalog.pg_namespace.oid = pg_catalog.pg_class.relnamespace 
WHERE pg_catalog.pg_class.relname = $1::VARCHAR AND pg_catalog.pg_class.relkind = ANY (ARRAY[$2::VARCHAR, $3::VARCHAR, $4::VARCHAR, $5::VARCHAR, $6::VARCHAR]) AND pg_catalog.pg_table_is_visible(pg_catalog.pg_class.oid) AND pg_catalog.pg_namespace.nspname != $7::VARCHAR
INFO     sqlalchemy.engine.Engine:base.py:1846 [cached since 0.006921s ago] ('productos', 'r', 'p', 'f', 'v', 'm', 'pg_catalog')
INFO     sqlalchemy.engine.Engine:base.py:1846 SELECT pg_catalog.pg_class.relname 
FROM pg_catalog.pg_class JOIN pg_catalog.pg_namespace ON pg_catalog.pg_namespace.oid = pg_catalog.pg_class.relnamespace 
WHERE pg_catalog.pg_class.relname = $1::VARCHAR AND pg_catalog.pg_class.relkind = ANY (ARRAY[$2::VARCHAR, $3::VARCHAR, $4::VARCHAR, $5::VARCHAR, $6::VARCHAR]) AND pg_catalog.pg_table_is_visible(pg_catalog.pg_class.oid) AND pg_catalog.pg_namespace.nspname != $7::VARCHAR
INFO     sqlalchemy.engine.Engine:base.py:1846 [cached since 0.007632s ago] ('ventas', 'r', 'p', 'f', 'v', 'm', 'pg_catalog')
INFO     sqlalchemy.engine.Engine:base.py:1846 SELECT pg_catalog.pg_class.relname 
FROM pg_catalog.pg_class JOIN pg_catalog.pg_namespace ON pg_catalog.pg_namespace.oid = pg_catalog.pg_class.relnamespace 
WHERE pg_catalog.pg_class.relname = $1::VARCHAR AND pg_catalog.pg_class.relkind = ANY (ARRAY[$2::VARCHAR, $3::VARCHAR, $4::VARCHAR, $5::VARCHAR, $6::VARCHAR]) AND pg_catalog.pg_table_is_visible(pg_catalog.pg_class.oid) AND pg_catalog.pg_namespace.nspname != $7::VARCHAR
INFO     sqlalchemy.engine.Engine:base.py:1846 [cached since 0.008971s ago] ('detalles_venta', 'r', 'p', 'f', 'v', 'm', 'pg_catalog')
INFO     sqlalchemy.engine.Engine:base.py:1846 SELECT pg_catalog.pg_class.relname 
FROM pg_catalog.pg_class JOIN pg_catalog.pg_namespace ON pg_catalog.pg_namespace.oid = pg_catalog.pg_class.relnamespace 
WHERE pg_catalog.pg_class.relname = $1::VARCHAR AND pg_catalog.pg_class.relkind = ANY (ARRAY[$2::VARCHAR, $3::VARCHAR, $4::VARCHAR, $5::VARCHAR, $6::VARCHAR]) AND pg_catalog.pg_table_is_visible(pg_catalog.pg_class.oid) AND pg_catalog.pg_namespace.nspname != $7::VARCHAR
INFO     sqlalchemy.engine.Engine:base.py:1846 [cached since 0.01045s ago] ('insights', 'r', 'p', 'f', 'v', 'm', 'pg_catalog')
INFO     sqlalchemy.engine.Engine:base.py:2708 COMMIT
============================== warnings summary ===============================
app\schemas.py:31
  C:\Users\juani\Desktop\POS\app\schemas.py:31: PydanticDeprecatedSince20: Support for class-based `config` is deprecated, use ConfigDict instead. Deprecated in Pydantic V2.0 to be removed in V3.0. See Pydantic V2 Migration Guide at https://errors.pydantic.dev/2.12/migration/
    class TiendaResponse(TiendaBase):

app\schemas.py:65
  C:\Users\juani\Desktop\POS\app\schemas.py:65: PydanticDeprecatedSince20: Support for class-based `config` is deprecated, use ConfigDict instead. Deprecated in Pydantic V2.0 to be removed in V3.0. See Pydantic V2 Migration Guide at https://errors.pydantic.dev/2.12/migration/
    class UserResponse(UserBase):

app\schemas_models\productos.py:108
  C:\Users\juani\Desktop\POS\app\schemas_models\productos.py:108: PydanticDeprecatedSince20: Support for class-based `config` is deprecated, use ConfigDict instead. Deprecated in Pydantic V2.0 to be removed in V3.0. See Pydantic V2 Migration Guide at https://errors.pydantic.dev/2.12/migration/
    class ProductoRead(ProductoBase):

app\schemas_models\ventas.py:53
  C:\Users\juani\Desktop\POS\app\schemas_models\ventas.py:53: PydanticDeprecatedSince20: Support for class-based `config` is deprecated, use ConfigDict instead. Deprecated in Pydantic V2.0 to be removed in V3.0. See Pydantic V2 Migration Guide at https://errors.pydantic.dev/2.12/migration/
    class DetalleVentaRead(BaseModel):

app\schemas_models\ventas.py:70
  C:\Users\juani\Desktop\POS\app\schemas_models\ventas.py:70: PydanticDeprecatedSince20: Support for class-based `config` is deprecated, use ConfigDict instead. Deprecated in Pydantic V2.0 to be removed in V3.0. See Pydantic V2 Migration Guide at https://errors.pydantic.dev/2.12/migration/
    class VentaRead(BaseModel):

app\schemas_models\ventas.py:87
  C:\Users\juani\Desktop\POS\app\schemas_models\ventas.py:87: PydanticDeprecatedSince20: Support for class-based `config` is deprecated, use ConfigDict instead. Deprecated in Pydantic V2.0 to be removed in V3.0. See Pydantic V2 Migration Guide at https://errors.pydantic.dev/2.12/migration/
    class VentaListRead(BaseModel):

app\schemas_models\ventas.py:105
  C:\Users\juani\Desktop\POS\app\schemas_models\ventas.py:105: PydanticDeprecatedSince20: Support for class-based `config` is deprecated, use ConfigDict instead. Deprecated in Pydantic V2.0 to be removed in V3.0. See Pydantic V2 Migration Guide at https://errors.pydantic.dev/2.12/migration/
    class ProductoScanRead(BaseModel):

app\api\routes\insights.py:26
  C:\Users\juani\Desktop\POS\app\api\routes\insights.py:26: PydanticDeprecatedSince20: Support for class-based `config` is deprecated, use ConfigDict instead. Deprecated in Pydantic V2.0 to be removed in V3.0. See Pydantic V2 Migration Guide at https://errors.pydantic.dev/2.12/migration/
    class InsightRead(BaseModel):

-- Docs: https://docs.pytest.org/en/stable/how-to/capture-warnings.html
=========================== short test summary info ===========================
ERROR tests/api/routes/test_productos.py::test_crear_producto_ropa_con_variantes
!!!!!!!!!!!!!!!!!!!!!!!!!! stopping after 1 failures !!!!!!!!!!!!!!!!!!!!!!!!!!
======================== 8 warnings, 1 error in 0.91s =========================
